Archive member included to satisfy reference by file (symbol)

/package/asicfab/riscv-gcc/13.2.0/bin/../lib/gcc/riscv64-unknown-elf/13.2.0/rv32im/ilp32/libgcc.a(_clzsi2.o)
                              ./output/tasks.o (__clzsi2)
/package/asicfab/riscv-gcc/13.2.0/bin/../lib/gcc/riscv64-unknown-elf/13.2.0/rv32im/ilp32/libgcc.a(_clz.o)
                              /package/asicfab/riscv-gcc/13.2.0/bin/../lib/gcc/riscv64-unknown-elf/13.2.0/rv32im/ilp32/libgcc.a(_clzsi2.o) (__clz_tab)
/package/asicfab/riscv-gcc/13.2.0/bin/../lib/gcc/riscv64-unknown-elf/13.2.0/../../../../riscv64-unknown-elf/lib/rv32im/ilp32/libc.a(libc_a-memset.o)
                              ./output/tasks.o (memset)
/package/asicfab/riscv-gcc/13.2.0/bin/../lib/gcc/riscv64-unknown-elf/13.2.0/../../../../riscv64-unknown-elf/lib/rv32im/ilp32/libc.a(libc_a-memcpy.o)
                              ./output/queue.o (memcpy)
/package/asicfab/riscv-gcc/13.2.0/bin/../lib/gcc/riscv64-unknown-elf/13.2.0/../../../../riscv64-unknown-elf/lib/rv32im/ilp32/libc.a(libc_a-strlen.o)
                              ./output/tasks.o (strlen)

Discarded input sections

 .group         0x00000000        0xc ./output/tasks.o
 .group         0x00000000        0xc ./output/tasks.o
 .group         0x00000000        0xc ./output/tasks.o
 .group         0x00000000        0xc ./output/tasks.o
 .group         0x00000000        0xc ./output/tasks.o
 .group         0x00000000        0xc ./output/tasks.o
 .group         0x00000000        0xc ./output/tasks.o
 .group         0x00000000        0xc ./output/tasks.o
 .group         0x00000000        0xc ./output/tasks.o
 .group         0x00000000        0xc ./output/tasks.o
 .group         0x00000000        0xc ./output/tasks.o
 .group         0x00000000        0xc ./output/tasks.o
 .group         0x00000000        0xc ./output/tasks.o
 .group         0x00000000        0xc ./output/tasks.o
 .group         0x00000000        0xc ./output/tasks.o
 .group         0x00000000        0xc ./output/tasks.o
 .group         0x00000000        0xc ./output/tasks.o
 .group         0x00000000        0xc ./output/tasks.o
 .group         0x00000000        0xc ./output/tasks.o
 .group         0x00000000        0xc ./output/tasks.o
 .group         0x00000000        0xc ./output/tasks.o
 .group         0x00000000        0xc ./output/tasks.o
 .group         0x00000000        0xc ./output/tasks.o
 .group         0x00000000        0xc ./output/tasks.o
 .group         0x00000000        0xc ./output/tasks.o
 .group         0x00000000        0xc ./output/tasks.o
 .group         0x00000000        0xc ./output/tasks.o
 .group         0x00000000        0xc ./output/tasks.o
 .group         0x00000000        0xc ./output/tasks.o
 .group         0x00000000        0xc ./output/tasks.o
 .group         0x00000000        0xc ./output/tasks.o
 .group         0x00000000        0xc ./output/tasks.o
 .group         0x00000000        0xc ./output/tasks.o
 .group         0x00000000        0xc ./output/tasks.o
 .group         0x00000000        0xc ./output/tasks.o
 .group         0x00000000        0xc ./output/tasks.o
 .group         0x00000000        0xc ./output/tasks.o
 .group         0x00000000        0xc ./output/tasks.o
 .text          0x00000000        0x0 ./output/tasks.o
 .data          0x00000000        0x0 ./output/tasks.o
 .bss           0x00000000        0x0 ./output/tasks.o
 .text.prvSearchForNameWithinSingleList
                0x00000000       0x58 ./output/tasks.o
 .text.prvTaskIsTaskSuspended
                0x00000000       0x48 ./output/tasks.o
 .text.vTaskDelete
                0x00000000      0x12a ./output/tasks.o
 .text.eTaskGetState
                0x00000000       0xa2 ./output/tasks.o
 .text.uxTaskPriorityGet
                0x00000000       0x20 ./output/tasks.o
 .text.uxTaskPriorityGetFromISR
                0x00000000        0xe ./output/tasks.o
 .text.vTaskPrioritySet
                0x00000000      0x128 ./output/tasks.o
 .text.vTaskResume
                0x00000000       0xc8 ./output/tasks.o
 .text.xTaskResumeFromISR
                0x00000000       0xc8 ./output/tasks.o
 .text.vTaskEndScheduler
                0x00000000       0x14 ./output/tasks.o
 .text.xTaskGetTickCountFromISR
                0x00000000        0xa ./output/tasks.o
 .text.pcTaskGetName
                0x00000000       0x36 ./output/tasks.o
 .text.xTaskGetIdleTaskHandle
                0x00000000       0x32 ./output/tasks.o
 .text.vTaskDelay
                0x00000000       0x58 ./output/tasks.o
 .text.xTaskGetHandle
                0x00000000       0xd2 ./output/tasks.o
 .text.xTaskCatchUpTicks
                0x00000000       0x60 ./output/tasks.o
 .text.xTaskAbortDelay
                0x00000000       0xee ./output/tasks.o
 .text.vTaskSuspend
                0x00000000      0x164 ./output/tasks.o
 .text.vTaskPlaceOnUnorderedEventList
                0x00000000       0x92 ./output/tasks.o
 .text.vTaskRemoveFromUnorderedEventList
[...]
Memory Configuration

Name             Origin             Length             Attributes
RAM              0x00008400         0x00008000
*default*        0x00000000         0xffffffff

Linker script and memory map

LOAD ./output/tasks.o
LOAD ./output/list.o
LOAD ./output/queue.o
LOAD ./output/timers.o
LOAD ./output/event_groups.o
LOAD ./output/stream_buffer.o
LOAD ./output/heap_4.o
LOAD ./output/port.o
LOAD ./output/main.o
LOAD ./output/main_blinky.o
LOAD ./output/main_fpga.o
LOAD ./output/riscv-virt.o
LOAD ./output/uart.o
LOAD ./output/printf-stdarg.o
LOAD ./output/portASM.o
LOAD ./output/start.o
LOAD ./output/RegTest.o
LOAD ./output/vector.o
                0x0000015a                        __stack_size = 0x15a
START GROUP
END GROUP
LOAD /package/asicfab/riscv-gcc/13.2.0/bin/../lib/gcc/riscv64-unknown-elf/13.2.0/rv32im/ilp32/libgcc.a
START GROUP
LOAD /package/asicfab/riscv-gcc/13.2.0/bin/../lib/gcc/riscv64-unknown-elf/13.2.0/../../../../riscv64-unknown-elf/lib/rv32im/ilp32/libc.a
LOAD /package/asicfab/riscv-gcc/13.2.0/bin/../lib/gcc/riscv64-unknown-elf/13.2.0/../../../../riscv64-unknown-elf/lib/rv32im/ilp32/libgloss.a
END GROUP
LOAD /package/asicfab/riscv-gcc/13.2.0/bin/../lib/gcc/riscv64-unknown-elf/13.2.0/rv32im/ilp32/libgcc.a

.init           0x00008400       0x72
                0x00008400                        _text = .
 *(SORT_NONE(.init))
 .init          0x00008400       0x72 ./output/start.o
                0x00008400                _start

.text           0x00008480     0x27cc
 *(.text.unlikely .text.unlikely.*)
 *(.text.startup .text.startup.*)
 .text.startup.main
                0x00008480       0x28 ./output/main.o
                0x00008480                main
 *(.text .text.*)
 .text.prvAddNewTaskToReadyList
                0x000084a8      0x126 ./output/tasks.o
 .text.prvAddCurrentTaskToDelayedList
                0x000085ce       0xba ./output/tasks.o
 .text.prvResetNextTaskUnblockTime
                0x00008688       0x1c ./output/tasks.o
 .text.prvDeleteTCB
                0x000086a4       0x40 ./output/tasks.o
 .text.prvIdleTask
                0x000086e4       0x78 ./output/tasks.o
 .text.prvInitialiseNewTask.constprop.0
                0x0000875c       0xbc ./output/tasks.o
 .text.xTaskCreateStatic
                0x00008818       0xa8 ./output/tasks.o
                0x00008818                xTaskCreateStatic
 .text.xTaskCreate
                0x000088c0       0x80 ./output/tasks.o
                0x000088c0                xTaskCreate
 .text.vTaskStartScheduler
                0x00008940       0x78 ./output/tasks.o
                0x00008940                vTaskStartScheduler
 .text.vTaskSuspendAll
                0x000089b8        0xc ./output/tasks.o
                0x000089b8                vTaskSuspendAll
 .text.xTaskGetTickCount
                0x000089c4        0x6 ./output/tasks.o
                0x000089c4                xTaskGetTickCount
 .text.uxTaskGetNumberOfTasks
                0x000089ca        0x6 ./output/tasks.o
                0x000089ca                uxTaskGetNumberOfTasks
 .text.xTaskIncrementTick
                0x000089d0      0x174 ./output/tasks.o
                0x000089d0                xTaskIncrementTick
 .text.xTaskResumeAll
                0x00008b44      0x132 ./output/tasks.o
                0x00008b44                xTaskResumeAll
 .text.xTaskDelayUntil
                0x00008c76       0x88 ./output/tasks.o
                0x00008c76                xTaskDelayUntil
 .text.vTaskSwitchContext
                0x00008cfe       0xbc ./output/tasks.o
                0x00008cfe                vTaskSwitchContext
 .text.vTaskPlaceOnEventList
                0x00008dba       0x3a ./output/tasks.o
                0x00008dba                vTaskPlaceOnEventList
 .text.vTaskPlaceOnEventListRestricted
                0x00008df4       0x62 ./output/tasks.o
                0x00008df4                vTaskPlaceOnEventListRestricted
 .text.xTaskRemoveFromEventList
                0x00008e56       0xc2 ./output/tasks.o
                0x00008e56                xTaskRemoveFromEventList
 .text.vTaskInternalSetTimeOutState
                0x00008f18        0xe ./output/tasks.o
                0x00008f18                vTaskInternalSetTimeOutState
 .text.xTaskCheckForTimeOut
                0x00008f26       0xb6 ./output/tasks.o
                0x00008f26                xTaskCheckForTimeOut
 .text.vTaskMissedYield
                0x00008fdc        0x8 ./output/tasks.o
                0x00008fdc                vTaskMissedYield
 .text.xTaskGetSchedulerState
                0x00008fe4       0x14 ./output/tasks.o
                0x00008fe4                xTaskGetSchedulerState
 .text.xTaskPriorityDisinherit
                0x00008ff8       0xb6 ./output/tasks.o
                0x00008ff8                xTaskPriorityDisinherit
 .text.vListInitialise
                0x000090ae       0x14 ./output/list.o
                0x000090ae                vListInitialise
 .text.vListInitialiseItem
                0x000090c2        0x6 ./output/list.o
                0x000090c2                vListInitialiseItem
 .text.vListInsert
                0x000090c8       0x2e ./output/list.o
                0x000090c8                vListInsert
 .text.uxListRemove
                0x000090f6       0x20 ./output/list.o
                0x000090f6                uxListRemove
 .text.prvIsQueueEmpty
                0x00009116       0x1a ./output/queue.o
 .text.prvCopyDataToQueue
                0x00009130       0x7e ./output/queue.o
 .text.prvCopyDataFromQueue
                0x000091ae       0x20 ./output/queue.o
 .text.prvNotifyQueueSetContainer
                0x000091ce       0xaa ./output/queue.o
 .text.prvUnlockQueue
                0x00009278       0xbc ./output/queue.o
 .text.xQueueGenericReset
                0x00009334       0xac ./output/queue.o
                0x00009334                xQueueGenericReset
 .text.xQueueGenericCreateStatic
                0x000093e0       0x90 ./output/queue.o
                0x000093e0                xQueueGenericCreateStatic
 .text.xQueueGenericSend
                0x00009470      0x19a ./output/queue.o
                0x00009470                xQueueGenericSend
 .text.xQueueGenericSendFromISR
                0x0000960a       0xfa ./output/queue.o
                0x0000960a                xQueueGenericSendFromISR
 .text.xQueueReceive
                0x00009704      0x160 ./output/queue.o
                0x00009704                xQueueReceive
 .text.vQueueAddToRegistry
                0x00009864       0x5c ./output/queue.o
                0x00009864                vQueueAddToRegistry
 .text.vQueueWaitForMessageRestricted
                0x000098c0       0x56 ./output/queue.o
                0x000098c0                vQueueWaitForMessageRestricted
 .text.prvInsertTimerInActiveList
                0x00009916       0x40 ./output/timers.o
 .text.prvReloadTimer
                0x00009956       0x36 ./output/timers.o
 .text.prvProcessExpiredTimer
                0x0000998c       0x44 ./output/timers.o
 .text.prvSampleTimeNow
                0x000099d0       0x5c ./output/timers.o
 .text.prvTimerTask
                0x00009a2c      0x146 ./output/timers.o
 .text.prvCheckForValidListAndQueue
                0x00009b72       0x7a ./output/timers.o
 .text.xTimerCreateTimerTask
                0x00009bec       0x56 ./output/timers.o
                0x00009bec                xTimerCreateTimerTask
 .text.xTimerCreate
                0x00009c42       0x74 ./output/timers.o
                0x00009c42                xTimerCreate
 .text.xTimerGenericCommand
                0x00009cb6       0x7e ./output/timers.o
                0x00009cb6                xTimerGenericCommand
 .text.prvInsertBlockIntoFreeList
                0x00009d34       0x44 ./output/heap_4.o
 .text.pvPortMalloc
                0x00009d78      0x154 ./output/heap_4.o
                0x00009d78                pvPortMalloc
 .text.vPortFree
                0x00009ecc       0x80 ./output/heap_4.o
                0x00009ecc                vPortFree
 .text.vPortSetupTimerInterrupt
                0x00009f4c       0x5a ./output/port.o
                0x00009f4c                vPortSetupTimerInterrupt
 .text.xPortStartScheduler
                0x00009fa6       0x2e ./output/port.o
                0x00009fa6                xPortStartScheduler
 .text.vApplicationMallocFailedHook
                0x00009fd4       0x14 ./output/main.o
                0x00009fd4                vApplicationMallocFailedHook
 .text.vApplicationStackOverflowHook
                0x00009fe8       0x14 ./output/main.o
                0x00009fe8                vApplicationStackOverflowHook
 .text.vApplicationTickHook
                0x00009ffc        0x2 ./output/main.o
                0x00009ffc                vApplicationTickHook
 .text.vAssertCalled
                0x00009ffe       0x40 ./output/main.o
                0x00009ffe                vAssertCalled
 .text.vApplicationGetIdleTaskMemory
                0x0000a03e       0x1c ./output/main.o
                0x0000a03e                vApplicationGetIdleTaskMemory
 .text.vApplicationGetTimerTaskMemory
                0x0000a05a       0x1c ./output/main.o
                0x0000a05a                vApplicationGetTimerTaskMemory
 .text.freertos_risc_v_application_exception_handler
                0x0000a076       0x28 ./output/main.o
                0x0000a076                freertos_risc_v_application_exception_handler
 .text.prvBlinkSlowCallback
                0x0000a09e       0x30 ./output/main_fpga.o
 .text.prvBlinkFastTask
                0x0000a0ce       0x5a ./output/main_fpga.o
 .text.main_fpga
                0x0000a128       0xa2 ./output/main_fpga.o
                0x0000a128                main_fpga
 .text.uart_setup
                0x0000a1ca        0x2 ./output/uart.o
                0x0000a1ca                uart_setup
 .text.uart_sendbyte
                0x0000a1cc        0xa ./output/uart.o
                0x0000a1cc                uart_sendbyte
 .text.printchar
                0x0000a1d6       0x1e ./output/printf-stdarg.o
 .text.prints   0x0000a1f4       0xb2 ./output/printf-stdarg.o
 .text.printi   0x0000a2a6       0xb6 ./output/printf-stdarg.o
 .text.tiny_print
                0x0000a35c      0x190 ./output/printf-stdarg.o
 .text.printf   0x0000a4ec       0x26 ./output/printf-stdarg.o
                0x0000a4ec                printf
 .text          0x0000a512       0xba ./output/portASM.o
                0x0000a512                pxPortInitialiseStack
                0x0000a556                xPortStartFirstTask
                0x0000a5be                freertos_risc_v_application_interrupt_handler
 .text.freertos_risc_v_exception_handler
                0x0000a5cc      0x136 ./output/portASM.o
                0x0000a5cc                freertos_risc_v_exception_handler
 .text.freertos_risc_v_interrupt_handler
                0x0000a702       0xc8 ./output/portASM.o
                0x0000a702                freertos_risc_v_interrupt_handler
 .text.freertos_risc_v_mtimer_interrupt_handler
                0x0000a7ca       0xf8 ./output/portASM.o
                0x0000a7ca                freertos_risc_v_mtimer_interrupt_handler
 *fill*         0x0000a8c2       0x3e 
 .text          0x0000a900       0x80 ./output/vector.o
                0x0000a900                freertos_vector_table
 .text          0x0000a980       0x4c /package/asicfab/riscv-gcc/13.2.0/bin/../lib/gcc/riscv64-unknown-elf/13.2.0/rv32im/ilp32/libgcc.a(_clzsi2.o)
                0x0000a980                __clzsi2
 .text          0x0000a9cc       0xdc /package/asicfab/riscv-gcc/13.2.0/bin/../lib/gcc/riscv64-unknown-elf/13.2.0/../../../../riscv64-unknown-elf/lib/rv32im/ilp32/libc.a(libc_a-memset.o)
                0x0000a9cc                memset
 .text.memcpy   0x0000aaa8      0x1a4 /package/asicfab/riscv-gcc/13.2.0/bin/../lib/gcc/riscv64-unknown-elf/13.2.0/../../../../riscv64-unknown-elf/lib/rv32im/ilp32/libc.a(libc_a-memcpy.o)
                0x0000aaa8                memcpy
 *(.gnu.linkonce.t.*)

.fini           0x0000ac4c        0x0
 *(SORT_NONE(.fini))
                0x0000ac4c                        _etext = .

.rodata.align   0x0000ac4c        0x0
                0x0000ac4c                        . = ALIGN (0x4)
                0x0000ac4c                        _rodata = .

.rodata.start   0x0000ac4c        0x0
                0x0000ac4c                        _rodata_lma = LOADADDR (.rodata.start)

.rodata         0x0000ac4c      0x3fc
 *(.rdata)
 *(.rodata .rodata.*)
 .rodata.prvTaskIsTaskSuspended.str1.4
                0x0000ac4c      0x2d7 ./output/tasks.o
                                 0x1d (size before relaxing)
 .rodata.vTaskStartScheduler.str1.4
                0x0000af23        0x5 ./output/tasks.o
 .rodata.prvNotifyQueueSetContainer.str1.4
                0x0000af23       0x1d ./output/queue.o
 .rodata.prvTimerTask.str1.4
                0x0000af23       0x1e ./output/timers.o
 *fill*         0x0000af23        0x1 
 .rodata.prvTimerTask
                0x0000af24       0x24 ./output/timers.o
 .rodata.prvCheckForValidListAndQueue.str1.4
                0x0000af48        0x5 ./output/timers.o
 .rodata.xTimerCreateTimerTask.str1.4
                0x0000af48        0x8 ./output/timers.o
 .rodata.pvPortMalloc.str1.4
                0x0000af48       0x2f ./output/heap_4.o
 .rodata.main.str1.4
                0x0000af48        0xf ./output/main.o
 .rodata.vApplicationMallocFailedHook.str1.4
                0x0000af48       0x14 ./output/main.o
 .rodata.vApplicationStackOverflowHook.str1.4
                0x0000af48       0x1b ./output/main.o
 .rodata.vAssertCalled.str1.4
                0x0000af48       0x1b ./output/main.o
 .rodata.freertos_risc_v_application_exception_handler.str1.4
                0x0000af48       0x47 ./output/main.o
 .rodata.prvBlinkSlowCallback.str1.4
                0x0000af48       0x40 ./output/main_fpga.o
 .rodata.prvBlinkFastTask.str1.4
                0x0000af48       0x75 ./output/main_fpga.o
 .rodata.main_fpga.str1.4
                0x0000af48       0xc8 ./output/main_fpga.o
 .rodata.tiny_print.str1.4
                0x0000af48        0x7 ./output/printf-stdarg.o
 .rodata        0x0000af48      0x100 /package/asicfab/riscv-gcc/13.2.0/bin/../lib/gcc/riscv64-unknown-elf/13.2.0/rv32im/ilp32/libgcc.a(_clz.o)
                0x0000af48                __clz_tab
 *(.gnu.linkonce.r.*)
                0x0000b048                        . = ALIGN (0x4)
                0x0000b048                        _erodata = .

.rela.dyn       0x0000b048        0x0
 .rela.init     0x0000b048        0x0 ./output/tasks.o

.data.align     0x0000b048        0x0
                0x0000b048                        . = ALIGN (0x4)
                0x0000b048                        _data = .

.data.start     0x0000b048        0x0
                0x0000b048                        _data_lma = LOADADDR (.data.start)

.data           0x0000b048       0x1c
 *(.data .data.*)
 *(.gnu.linkonce.d.*)
                0x0000b048                        . = ALIGN (0x8)
                0x0000b848                        PROVIDE (__global_pointer$ = (. + 0x800))
 *(.sdata .sdata.*)
 .sdata.pxCriticalNesting
                0x0000b048        0x4 ./output/port.o
                0x0000b048                pxCriticalNesting
 .sdata.xCriticalNesting
                0x0000b04c        0x4 ./output/port.o
                0x0000b04c                xCriticalNesting
 .sdata.pullNextTime
                0x0000b050        0x4 ./output/port.o
                0x0000b050                pullNextTime
 *(.sdata2 .sdata2.*)
 *(.gnu.linkonce.s.*)
                0x0000b058                        . = ALIGN (0x8)
 *fill*         0x0000b054        0x4 
 *(.srodata.cst16)
 *(.srodata.cst8)
 *(.srodata.cst4)
 *(.srodata.cst2)
 *(.srodata .srodata.*)
 .srodata.uxTopUsedPriority
                0x0000b058        0x4 ./output/tasks.o
                0x0000b058                uxTopUsedPriority
 .srodata.uxTimerIncrementsForOneTick
                0x0000b05c        0x4 ./output/port.o
                0x0000b05c                uxTimerIncrementsForOneTick
 .srodata.xISRStackTop
                0x0000b060        0x4 ./output/port.o
                0x0000b060                xISRStackTop
                0x0000b064                        . = ALIGN (0x4)
                0x0000b064                        _edata = .

.bss.align      0x0000b064        0x0
                0x0000b064                        . = ALIGN (0x4)
                0x0000b064                        _bss = .

.bss.start      0x0000b064        0x0
                0x0000b064                        _bss_lma = LOADADDR (.bss.start)

.bss            0x0000b070     0x46a8
 *(.sbss*)
 .sbss.uxSchedulerSuspended
                0x0000b070        0x4 ./output/tasks.o
 .sbss.xIdleTaskHandle
                0x0000b074        0x4 ./output/tasks.o
 .sbss.xNextTaskUnblockTime
                0x0000b078        0x4 ./output/tasks.o
 .sbss.uxTaskNumber
                0x0000b07c        0x4 ./output/tasks.o
 .sbss.xNumOfOverflows
                0x0000b080        0x4 ./output/tasks.o
 .sbss.xYieldPending
                0x0000b084        0x4 ./output/tasks.o
 .sbss.xPendedTicks
                0x0000b088        0x4 ./output/tasks.o
 .sbss.xSchedulerRunning
                0x0000b08c        0x4 ./output/tasks.o
 .sbss.uxTopReadyPriority
                0x0000b090        0x4 ./output/tasks.o
 .sbss.xTickCount
                0x0000b094        0x4 ./output/tasks.o
 .sbss.uxCurrentNumberOfTasks
                0x0000b098        0x4 ./output/tasks.o
 .sbss.uxDeletedTasksWaitingCleanUp
                0x0000b09c        0x4 ./output/tasks.o
 .sbss.pxOverflowDelayedTaskList
                0x0000b0a0        0x4 ./output/tasks.o
 .sbss.pxDelayedTaskList
                0x0000b0a4        0x4 ./output/tasks.o
 .sbss.pxCurrentTCB
                0x0000b0a8        0x4 ./output/tasks.o
                0x0000b0a8                pxCurrentTCB
 .sbss.xLastTime.2
                0x0000b0ac        0x4 ./output/timers.o
 .sbss.xTimerTaskHandle
                0x0000b0b0        0x4 ./output/timers.o
 .sbss.xTimerQueue
                0x0000b0b4        0x4 ./output/timers.o
 .sbss.pxOverflowTimerList
                0x0000b0b8        0x4 ./output/timers.o
 .sbss.pxCurrentTimerList
                0x0000b0bc        0x4 ./output/timers.o
 .sbss.xNumberOfSuccessfulFrees
                0x0000b0c0        0x4 ./output/heap_4.o
 .sbss.xNumberOfSuccessfulAllocations
                0x0000b0c4        0x4 ./output/heap_4.o
 .sbss.xMinimumEverFreeBytesRemaining
                0x0000b0c8        0x4 ./output/heap_4.o
 .sbss.xFreeBytesRemaining
                0x0000b0cc        0x4 ./output/heap_4.o
 .sbss.pxEnd    0x0000b0d0        0x4 ./output/heap_4.o
 .sbss.xStart   0x0000b0d4        0x8 ./output/heap_4.o
 .sbss.xTaskReturnAddress
                0x0000b0dc        0x4 ./output/port.o
                0x0000b0dc                xTaskReturnAddress
 .sbss.pullMachineTimerCompareRegister
                0x0000b0e0        0x4 ./output/port.o
                0x0000b0e0                pullMachineTimerCompareRegister
 *fill*         0x0000b0e4        0x4 
 .sbss.ullNextTime
                0x0000b0e8        0x8 ./output/port.o
                0x0000b0e8                ullNextTime
 .sbss.xTimer   0x0000b0f0        0x4 ./output/main_fpga.o
 *(.gnu.linkonce.sb.*)
 *(.bss .bss.*)
 .bss.xSuspendedTaskList
                0x0000b0f4       0x14 ./output/tasks.o
 .bss.xTasksWaitingTermination
                0x0000b108       0x14 ./output/tasks.o
 .bss.xPendingReadyList
                0x0000b11c       0x14 ./output/tasks.o
 .bss.xDelayedTaskList2
                0x0000b130       0x14 ./output/tasks.o
 .bss.xDelayedTaskList1
                0x0000b144       0x14 ./output/tasks.o
 .bss.pxReadyTasksLists
                0x0000b158       0xb4 ./output/tasks.o
 .bss.xQueueRegistry
                0x0000b20c       0x50 ./output/queue.o
                0x0000b20c                xQueueRegistry
 .bss.xStaticTimerQueue.0
                0x0000b25c       0x4c ./output/timers.o
 .bss.ucStaticTimerQueueStorage.1
                0x0000b2a8      0x140 ./output/timers.o
 .bss.xActiveTimerList2
                0x0000b3e8       0x14 ./output/timers.o
 .bss.xActiveTimerList1
                0x0000b3fc       0x14 ./output/timers.o
 .bss.ucHeap    0x0000b410     0x3800 ./output/heap_4.o
 .bss.xISRStack
                0x0000ec10      0x4b0 ./output/port.o
 .bss.uxTimerTaskStack.0
                0x0000f0c0      0x3c0 ./output/main.o
 .bss.xTimerTaskTCB.1
                0x0000f480       0x5c ./output/main.o
 .bss.uxIdleTaskStack.2
                0x0000f4dc      0x1e0 ./output/main.o
 .bss.xIdleTaskTCB.3
                0x0000f6bc       0x5c ./output/main.o
 *(.gnu.linkonce.b.*)
 *(COMMON)
                0x0000f718                        . = ALIGN (0x4)
                0x0000f718                        _ebss = .
                0x0000f718                        . = ALIGN (0x8)
                0x0000f718                        _end = .

.stack          0x0000f718      0x168
                0x0000f718                        . = ALIGN (0x4)
                0x0000f872                        . = (. + __stack_size)
 *fill*         0x0000f718      0x15a 
                0x0000f880                        . = ALIGN (0x10)
 *fill*         0x0000f872        0xe 
                0x0000f880                        _stack_top = .
OUTPUT(./output/RTOSDemo.elf elf32-littleriscv)

.debug_info     0x00000000     0x8d48
 .debug_info    0x00000000     0x2da7 ./output/tasks.o
 .debug_info    0x00002da7      0x29f ./output/list.o
 .debug_info    0x00003046     0x2628 ./output/queue.o
 .debug_info    0x0000566e     0x18e5 ./output/timers.o
 .debug_info    0x00006f53      0x603 ./output/heap_4.o
 .debug_info    0x00007556      0x2c1 ./output/port.o
 .debug_info    0x00007817      0x620 ./output/main.o
 .debug_info    0x00007e37      0x4fc ./output/main_fpga.o
 .debug_info    0x00008333      0x13b ./output/uart.o
 .debug_info    0x0000846e      0x639 ./output/printf-stdarg.o
 .debug_info    0x00008aa7       0x23 ./output/portASM.o
 .debug_info    0x00008aca       0x24 ./output/start.o
 .debug_info    0x00008aee       0x24 ./output/vector.o
 .debug_info    0x00008b12      0x150 /package/asicfab/riscv-gcc/13.2.0/bin/../lib/gcc/riscv64-unknown-elf/13.2.0/rv32im/ilp32/libgcc.a(_clzsi2.o)
 .debug_info    0x00008c62       0xe6 /package/asicfab/riscv-gcc/13.2.0/bin/../lib/gcc/riscv64-unknown-elf/13.2.0/rv32im/ilp32/libgcc.a(_clz.o)

.debug_abbrev   0x00000000     0x1ae3
 .debug_abbrev  0x00000000      0x4bd ./output/tasks.o
 .debug_abbrev  0x000004bd      0x118 ./output/list.o
 .debug_abbrev  0x000005d5      0x3eb ./output/queue.o
 .debug_abbrev  0x000009c0      0x422 ./output/timers.o
 .debug_abbrev  0x00000de2      0x2ab ./output/heap_4.o
 .debug_abbrev  0x0000108d      0x18d ./output/port.o
 .debug_abbrev  0x0000121a      0x261 ./output/main.o
 .debug_abbrev  0x0000147b      0x1d7 ./output/main_fpga.o
 .debug_abbrev  0x00001652       0xdb ./output/uart.o
 .debug_abbrev  0x0000172d      0x242 ./output/printf-stdarg.o
 .debug_abbrev  0x0000196f       0x12 ./output/portASM.o
 .debug_abbrev  0x00001981       0x14 ./output/start.o
 .debug_abbrev  0x00001995       0x14 ./output/vector.o
 .debug_abbrev  0x000019a9       0xca /package/asicfab/riscv-gcc/13.2.0/bin/../lib/gcc/riscv64-unknown-elf/13.2.0/rv32im/ilp32/libgcc.a(_clzsi2.o)
 .debug_abbrev  0x00001a73       0x70 /package/asicfab/riscv-gcc/13.2.0/bin/../lib/gcc/riscv64-unknown-elf/13.2.0/rv32im/ilp32/libgcc.a(_clz.o)

.debug_loclists
                0x00000000     0x3e75
 .debug_loclists
                0x00000000     0x15ae ./output/tasks.o
 .debug_loclists
                0x000015ae       0x51 ./output/list.o
 .debug_loclists
                0x000015ff     0x1303 ./output/queue.o
 .debug_loclists
                0x00002902      0x94e ./output/timers.o
 .debug_loclists
                0x00003250      0x336 ./output/heap_4.o
 .debug_loclists
                0x00003586       0x20 ./output/port.o
 .debug_loclists
                0x000035a6      0x10b ./output/main.o
 .debug_loclists
                0x000036b1       0x3e ./output/main_fpga.o
 .debug_loclists
                0x000036ef      0x742 ./output/printf-stdarg.o
 .debug_loclists
                0x00003e31       0x44 /package/asicfab/riscv-gcc/13.2.0/bin/../lib/gcc/riscv64-unknown-elf/13.2.0/rv32im/ilp32/libgcc.a(_clzsi2.o)

.debug_aranges  0x00000000      0x6b0
 .debug_aranges
                0x00000000      0x1e8 ./output/tasks.o
 .debug_aranges
                0x000001e8       0x40 ./output/list.o
 .debug_aranges
                0x00000228      0x150 ./output/queue.o
 .debug_aranges
                0x00000378       0xc8 ./output/timers.o
 .debug_aranges
                0x00000440       0x58 ./output/heap_4.o
 .debug_aranges
                0x00000498       0x30 ./output/port.o
 .debug_aranges
                0x000004c8       0x80 ./output/main.o
 .debug_aranges
                0x00000548       0x30 ./output/main_fpga.o
 .debug_aranges
                0x00000578       0x28 ./output/uart.o
 .debug_aranges
                0x000005a0       0x58 ./output/printf-stdarg.o
 .debug_aranges
                0x000005f8       0x40 ./output/portASM.o
 .debug_aranges
                0x00000638       0x20 ./output/start.o
 .debug_aranges
                0x00000658       0x20 ./output/vector.o
 .debug_aranges
                0x00000678       0x20 /package/asicfab/riscv-gcc/13.2.0/bin/../lib/gcc/riscv64-unknown-elf/13.2.0/rv32im/ilp32/libgcc.a(_clzsi2.o)
 .debug_aranges
                0x00000698       0x18 /package/asicfab/riscv-gcc/13.2.0/bin/../lib/gcc/riscv64-unknown-elf/13.2.0/rv32im/ilp32/libgcc.a(_clz.o)

.debug_rnglists
                0x00000000      0x7bb
 .debug_rnglists
                0x00000000      0x305 ./output/tasks.o
 .debug_rnglists
                0x00000305       0x2b ./output/list.o
 .debug_rnglists
                0x00000330      0x1e6 ./output/queue.o
 .debug_rnglists
                0x00000516      0x105 ./output/timers.o
 .debug_rnglists
                0x0000061b       0x40 ./output/heap_4.o
 .debug_rnglists
                0x0000065b       0x1f ./output/port.o
 .debug_rnglists
                0x0000067a       0x76 ./output/main.o
 .debug_rnglists
                0x000006f0       0x20 ./output/main_fpga.o
 .debug_rnglists
                0x00000710       0x19 ./output/uart.o
 .debug_rnglists
                0x00000729       0x4c ./output/printf-stdarg.o
 .debug_rnglists
                0x00000775       0x30 ./output/portASM.o
 .debug_rnglists
                0x000007a5       0x16 /package/asicfab/riscv-gcc/13.2.0/bin/../lib/gcc/riscv64-unknown-elf/13.2.0/rv32im/ilp32/libgcc.a(_clzsi2.o)

.debug_macro    0x00000000     0x3998
 .debug_macro   0x00000000      0x285 ./output/tasks.o
 .debug_macro   0x00000285      0x7ba ./output/tasks.o
 .debug_macro   0x00000a3f       0x19 ./output/tasks.o
 .debug_macro   0x00000a58       0x22 ./output/tasks.o
 .debug_macro   0x00000a7a       0x47 ./output/tasks.o
 .debug_macro   0x00000ac1       0x94 ./output/tasks.o
 .debug_macro   0x00000b55       0x42 ./output/tasks.o
 .debug_macro   0x00000b97       0x34 ./output/tasks.o
 .debug_macro   0x00000bcb       0x16 ./output/tasks.o
 .debug_macro   0x00000be1      0x11c ./output/tasks.o
 .debug_macro   0x00000cfd       0x9b ./output/tasks.o
 .debug_macro   0x00000d98       0x16 ./output/tasks.o
 .debug_macro   0x00000dae       0x4a ./output/tasks.o
 .debug_macro   0x00000df8       0x57 ./output/tasks.o
 .debug_macro   0x00000e4f       0x34 ./output/tasks.o
 .debug_macro   0x00000e83       0x10 ./output/tasks.o
 .debug_macro   0x00000e93       0x52 ./output/tasks.o
 .debug_macro   0x00000ee5       0x8e ./output/tasks.o
 .debug_macro   0x00000f73       0x1c ./output/tasks.o
 .debug_macro   0x00000f8f      0x177 ./output/tasks.o
 .debug_macro   0x00001106      0x369 ./output/tasks.o
 .debug_macro   0x0000146f       0x16 ./output/tasks.o
 .debug_macro   0x00001485       0x29 ./output/tasks.o
 .debug_macro   0x000014ae       0x16 ./output/tasks.o
 .debug_macro   0x000014c4       0x3c ./output/tasks.o
 .debug_macro   0x00001500      0x34e ./output/tasks.o
 .debug_macro   0x0000184e       0x22 ./output/tasks.o
 .debug_macro   0x00001870       0x3a ./output/tasks.o
 .debug_macro   0x000018aa      0x14e ./output/tasks.o
 .debug_macro   0x000019f8      0x15a ./output/tasks.o
 .debug_macro   0x00001b52       0xd3 ./output/tasks.o
 .debug_macro   0x00001c25       0x28 ./output/tasks.o
 .debug_macro   0x00001c4d       0x1f ./output/tasks.o
 .debug_macro   0x00001c6c       0x12 ./output/tasks.o
 .debug_macro   0x00001c7e      0x4cb ./output/tasks.o
 .debug_macro   0x00002149       0xc3 ./output/tasks.o
 .debug_macro   0x0000220c      0x120 ./output/tasks.o
 .debug_macro   0x0000232c       0x91 ./output/tasks.o
 .debug_macro   0x000023bd       0x16 ./output/tasks.o
 .debug_macro   0x000023d3      0x19e ./output/list.o
 .debug_macro   0x00002571      0x236 ./output/queue.o
 .debug_macro   0x000027a7       0x87 ./output/queue.o
 .debug_macro   0x0000282e      0x1ed ./output/timers.o
 .debug_macro   0x00002a1b       0x97 ./output/timers.o
 .debug_macro   0x00002ab2      0x220 ./output/heap_4.o
 .debug_macro   0x00002cd2      0x1ba ./output/port.o
 .debug_macro   0x00002e8c      0x1fc ./output/main.o
 .debug_macro   0x00003088       0x16 ./output/main.o
 .debug_macro   0x0000309e       0x10 ./output/main.o
 .debug_macro   0x000030ae       0x16 ./output/main.o
 .debug_macro   0x000030c4       0x16 ./output/main.o
 .debug_macro   0x000030da      0x146 ./output/main.o
 .debug_macro   0x00003220      0x1eb ./output/main_fpga.o
 .debug_macro   0x0000340b      0x252 ./output/main_fpga.o
 .debug_macro   0x0000365d       0x43 ./output/uart.o
 .debug_macro   0x000036a0      0x24c ./output/uart.o
 .debug_macro   0x000038ec       0x54 ./output/printf-stdarg.o
 .debug_macro   0x00003940       0x58 ./output/printf-stdarg.o

.debug_line     0x00000000     0xc17f
 .debug_line    0x00000000     0x4cdd ./output/tasks.o
 .debug_line    0x00004cdd      0x46e ./output/list.o
 .debug_line    0x0000514b     0x350f ./output/queue.o
 .debug_line    0x0000865a     0x1469 ./output/timers.o
 .debug_line    0x00009ac3      0xb0c ./output/heap_4.o
 .debug_line    0x0000a5cf      0x2d6 ./output/port.o
 .debug_line    0x0000a8a5      0x535 ./output/main.o
 .debug_line    0x0000adda      0x3bd ./output/main_fpga.o
 .debug_line    0x0000b197       0x9b ./output/uart.o
 .debug_line    0x0000b232      0x986 ./output/printf-stdarg.o
 .debug_line    0x0000bbb8      0x31d ./output/portASM.o
 .debug_line    0x0000bed5       0xe8 ./output/start.o
 .debug_line    0x0000bfbd       0xa4 ./output/vector.o
 .debug_line    0x0000c061       0xdf /package/asicfab/riscv-gcc/13.2.0/bin/../lib/gcc/riscv64-unknown-elf/13.2.0/rv32im/ilp32/libgcc.a(_clzsi2.o)
 .debug_line    0x0000c140       0x3f /package/asicfab/riscv-gcc/13.2.0/bin/../lib/gcc/riscv64-unknown-elf/13.2.0/rv32im/ilp32/libgcc.a(_clz.o)

.debug_str      0x00000000    0x1102f
 .debug_str     0x00000000    0x1102f ./output/tasks.o
                               0xdaf6 (size before relaxing)
 .debug_str     0x0001102f     0xa85f ./output/list.o
 .debug_str     0x0001102f     0xd18c ./output/queue.o
 .debug_str     0x0001102f     0xd445 ./output/timers.o
 .debug_str     0x0001102f     0xc02c ./output/heap_4.o
 .debug_str     0x0001102f     0xba7a ./output/port.o
 .debug_str     0x0001102f     0xc36f ./output/main.o
 .debug_str     0x0001102f     0xd195 ./output/main_fpga.o
 .debug_str     0x0001102f     0x3be6 ./output/uart.o
 .debug_str     0x0001102f     0x2b49 ./output/printf-stdarg.o
 .debug_str     0x0001102f       0x80 ./output/portASM.o
 .debug_str     0x0001102f       0x55 ./output/start.o
 .debug_str     0x0001102f       0x70 ./output/vector.o
 .debug_str     0x0001102f      0x1d1 /package/asicfab/riscv-gcc/13.2.0/bin/../lib/gcc/riscv64-unknown-elf/13.2.0/rv32im/ilp32/libgcc.a(_clzsi2.o)
 .debug_str     0x0001102f      0x1b4 /package/asicfab/riscv-gcc/13.2.0/bin/../lib/gcc/riscv64-unknown-elf/13.2.0/rv32im/ilp32/libgcc.a(_clz.o)

.debug_line_str
                0x00000000      0x5e1
 .debug_line_str
                0x00000000      0x5e1 ./output/tasks.o
                                0x409 (size before relaxing)
 .debug_line_str
                0x000005e1      0x3c1 ./output/list.o
 .debug_line_str
                0x000005e1      0x3f9 ./output/queue.o
 .debug_line_str
                0x000005e1      0x3df ./output/timers.o
 .debug_line_str
                0x000005e1      0x416 ./output/heap_4.o
 .debug_line_str
                0x000005e1      0x3d2 ./output/port.o
 .debug_line_str
                0x000005e1      0x3dc ./output/main.o
 .debug_line_str
                0x000005e1      0x3db ./output/main_fpga.o
 .debug_line_str
                0x000005e1      0x13b ./output/uart.o
 .debug_line_str
                0x000005e1      0x142 ./output/printf-stdarg.o
 .debug_line_str
                0x000005e1       0x74 ./output/portASM.o
 .debug_line_str
                0x000005e1       0x49 ./output/start.o
 .debug_line_str
                0x000005e1       0x64 ./output/vector.o
 .debug_line_str
                0x000005e1      0x138 /package/asicfab/riscv-gcc/13.2.0/bin/../lib/gcc/riscv64-unknown-elf/13.2.0/rv32im/ilp32/libgcc.a(_clzsi2.o)
 .debug_line_str
                0x000005e1      0x138 /package/asicfab/riscv-gcc/13.2.0/bin/../lib/gcc/riscv64-unknown-elf/13.2.0/rv32im/ilp32/libgcc.a(_clz.o)

.comment        0x00000000       0x22
 .comment       0x00000000       0x22 ./output/tasks.o
                                 0x11 (size before relaxing)
 .comment       0x00000022       0x11 ./output/list.o
 .comment       0x00000022       0x11 ./output/queue.o
 .comment       0x00000022       0x11 ./output/timers.o
 .comment       0x00000022       0x11 ./output/heap_4.o
 .comment       0x00000022       0x11 ./output/port.o
 .comment       0x00000022       0x11 ./output/main.o
 .comment       0x00000022       0x11 ./output/main_fpga.o
 .comment       0x00000022       0x11 ./output/uart.o
 .comment       0x00000022       0x11 ./output/printf-stdarg.o
 .comment       0x00000022       0x11 /package/asicfab/riscv-gcc/13.2.0/bin/../lib/gcc/riscv64-unknown-elf/13.2.0/rv32im/ilp32/libgcc.a(_clzsi2.o)
 .comment       0x00000022       0x11 /package/asicfab/riscv-gcc/13.2.0/bin/../lib/gcc/riscv64-unknown-elf/13.2.0/rv32im/ilp32/libgcc.a(_clz.o)
 .comment       0x00000022       0x13 /package/asicfab/riscv-gcc/13.2.0/bin/../lib/gcc/riscv64-unknown-elf/13.2.0/../../../../riscv64-unknown-elf/lib/rv32im/ilp32/libc.a(libc_a-memcpy.o)

.riscv.attributes
                0x00000000       0x3c
 .riscv.attributes
                0x00000000       0x3c ./output/tasks.o
 .riscv.attributes
                0x0000003c       0x38 ./output/list.o
 .riscv.attributes
                0x00000074       0x3c ./output/queue.o
 .riscv.attributes
                0x000000b0       0x3c ./output/timers.o
 .riscv.attributes
                0x000000ec       0x3c ./output/heap_4.o
 .riscv.attributes
                0x00000128       0x3c ./output/port.o
 .riscv.attributes
                0x00000164       0x3c ./output/main.o
 .riscv.attributes
                0x000001a0       0x38 ./output/main_fpga.o
 .riscv.attributes
                0x000001d8       0x38 ./output/uart.o
 .riscv.attributes
                0x00000210       0x38 ./output/printf-stdarg.o
 .riscv.attributes
                0x00000248       0x3a ./output/portASM.o
 .riscv.attributes
                0x00000282       0x3a ./output/start.o
 .riscv.attributes
                0x000002bc       0x31 ./output/vector.o
 .riscv.attributes
                0x000002ed       0x2a /package/asicfab/riscv-gcc/13.2.0/bin/../lib/gcc/riscv64-unknown-elf/13.2.0/rv32im/ilp32/libgcc.a(_clzsi2.o)
 .riscv.attributes
                0x00000317       0x2a /package/asicfab/riscv-gcc/13.2.0/bin/../lib/gcc/riscv64-unknown-elf/13.2.0/rv32im/ilp32/libgcc.a(_clz.o)
 .riscv.attributes
                0x00000341       0x28 /package/asicfab/riscv-gcc/13.2.0/bin/../lib/gcc/riscv64-unknown-elf/13.2.0/../../../../riscv64-unknown-elf/lib/rv32im/ilp32/libc.a(libc_a-memset.o)
 .riscv.attributes
                0x00000369       0x2a /package/asicfab/riscv-gcc/13.2.0/bin/../lib/gcc/riscv64-unknown-elf/13.2.0/../../../../riscv64-unknown-elf/lib/rv32im/ilp32/libc.a(libc_a-memcpy.o)

.debug_frame    0x00000000     0x1644
 .debug_frame   0x00000000      0x850 ./output/tasks.o
 .debug_frame   0x00000850       0x60 ./output/list.o
 .debug_frame   0x000008b0      0x5b4 ./output/queue.o
 .debug_frame   0x00000e64      0x34c ./output/timers.o
 .debug_frame   0x000011b0      0x104 ./output/heap_4.o
 .debug_frame   0x000012b4       0x54 ./output/port.o
 .debug_frame   0x00001308      0x144 ./output/main.o
 .debug_frame   0x0000144c       0x68 ./output/main_fpga.o
 .debug_frame   0x000014b4       0x30 ./output/uart.o
 .debug_frame   0x000014e4      0x140 ./output/printf-stdarg.o
 .debug_frame   0x00001624       0x20 /package/asicfab/riscv-gcc/13.2.0/bin/../lib/gcc/riscv64-unknown-elf/13.2.0/rv32im/ilp32/libgcc.a(_clzsi2.o)
