Archive member included to satisfy reference by file (symbol)

/package/asicfab/riscv-gcc/13.2.0/bin/../lib/gcc/riscv64-unknown-elf/13.2.0/rv32im/ilp32/libgcc.a(_clzsi2.o)
                              ./output/tasks.o (__clzsi2)
/package/asicfab/riscv-gcc/13.2.0/bin/../lib/gcc/riscv64-unknown-elf/13.2.0/rv32im/ilp32/libgcc.a(_clz.o)
                              /package/asicfab/riscv-gcc/13.2.0/bin/../lib/gcc/riscv64-unknown-elf/13.2.0/rv32im/ilp32/libgcc.a(_clzsi2.o) (__clz_tab)
/package/asicfab/riscv-gcc/13.2.0/bin/../lib/gcc/riscv64-unknown-elf/13.2.0/../../../../riscv64-unknown-elf/lib/rv32im/ilp32/libc.a(libc_a-memset.o)
                              ./output/tasks.o (memset)
/package/asicfab/riscv-gcc/13.2.0/bin/../lib/gcc/riscv64-unknown-elf/13.2.0/../../../../riscv64-unknown-elf/lib/rv32im/ilp32/libc.a(libc_a-memcpy.o)
                              ./output/queue.o (memcpy)
/package/asicfab/riscv-gcc/13.2.0/bin/../lib/gcc/riscv64-unknown-elf/13.2.0/../../../../riscv64-unknown-elf/lib/rv32im/ilp32/libc.a(libc_a-strlen.o)
                              ./output/tasks.o (strlen)
/package/asicfab/riscv-gcc/13.2.0/bin/../lib/gcc/riscv64-unknown-elf/13.2.0/../../../../riscv64-unknown-elf/lib/rv32im/ilp32/libc.a(libc_a-strcpy.o)
                              ./output/tasks.o (strcpy)

Discarded input sections

 .group         0x00000000        0xc ./output/tasks.o
 .group         0x00000000        0xc ./output/tasks.o
 .group         0x00000000        0xc ./output/tasks.o
 .group         0x00000000        0xc ./output/tasks.o
 .group         0x00000000        0xc ./output/tasks.o
 .group         0x00000000        0xc ./output/tasks.o
 .group         0x00000000        0xc ./output/tasks.o
 .group         0x00000000        0xc ./output/tasks.o
 .group         0x00000000        0xc ./output/tasks.o
 .group         0x00000000        0xc ./output/tasks.o
 .group         0x00000000        0xc ./output/tasks.o
 .group         0x00000000        0xc ./output/tasks.o
 .group         0x00000000        0xc ./output/tasks.o
 .group         0x00000000        0xc ./output/tasks.o
 .group         0x00000000        0xc ./output/tasks.o
 .group         0x00000000        0xc ./output/tasks.o
 .group         0x00000000        0xc ./output/tasks.o
 .group         0x00000000        0xc ./output/tasks.o
 .group         0x00000000        0xc ./output/tasks.o
 .group         0x00000000        0xc ./output/tasks.o
 .group         0x00000000        0xc ./output/tasks.o
 .group         0x00000000        0xc ./output/tasks.o
 .group         0x00000000        0xc ./output/tasks.o
 .group         0x00000000        0xc ./output/tasks.o
 .group         0x00000000        0xc ./output/tasks.o
 .group         0x00000000        0xc ./output/tasks.o
 .group         0x00000000        0xc ./output/tasks.o
 .group         0x00000000        0xc ./output/tasks.o
 .group         0x00000000        0xc ./output/tasks.o
 .group         0x00000000        0xc ./output/tasks.o
 .group         0x00000000        0xc ./output/tasks.o
 .group         0x00000000        0xc ./output/tasks.o
 .group         0x00000000        0xc ./output/tasks.o
 .group         0x00000000        0xc ./output/tasks.o
 .group         0x00000000        0xc ./output/tasks.o
 .group         0x00000000        0xc ./output/tasks.o
 .group         0x00000000        0xc ./output/tasks.o
 .group         0x00000000        0xc ./output/tasks.o
 .group         0x00000000        0xc ./output/tasks.o
 .group         0x00000000        0xc ./output/tasks.o
 .group         0x00000000        0xc ./output/tasks.o
 .group         0x00000000        0xc ./output/tasks.o
 .group         0x00000000        0xc ./output/tasks.o
 .text          0x00000000        0x0 ./output/tasks.o
 .data          0x00000000        0x0 ./output/tasks.o
 .bss           0x00000000        0x0 ./output/tasks.o
 .text.prvSearchForNameWithinSingleList
                0x00000000       0x58 ./output/tasks.o
 .text.prvTaskIsTaskSuspended
                0x00000000       0x48 ./output/tasks.o
 .text.vTaskDelete
                0x00000000      0x12a ./output/tasks.o
 .text.uxTaskPriorityGet
                0x00000000       0x20 ./output/tasks.o
 .text.uxTaskPriorityGetFromISR
                0x00000000        0xe ./output/tasks.o
 .text.vTaskPrioritySet
                0x00000000      0x128 ./output/tasks.o
 .text.vTaskResume
                0x00000000       0xc8 ./output/tasks.o
 .text.xTaskResumeFromISR
                0x00000000       0xc8 ./output/tasks.o
 .text.vTaskEndScheduler
                0x00000000       0x14 ./output/tasks.o
 .text.xTaskGetTickCountFromISR
                0x00000000        0xa ./output/tasks.o
 .text.pcTaskGetName
                0x00000000       0x36 ./output/tasks.o
 .text.xTaskGetIdleTaskHandle
                0x00000000       0x32 ./output/tasks.o
 .text.vTaskDelay
                0x00000000       0x58 ./output/tasks.o
 .text.xTaskGetHandle
                0x00000000       0xd2 ./output/tasks.o
[...]
Memory Configuration

Name             Origin             Length             Attributes
RAM              0x00008400         0x00008000
*default*        0x00000000         0xffffffff

Linker script and memory map

LOAD ./output/tasks.o
LOAD ./output/list.o
LOAD ./output/queue.o
LOAD ./output/timers.o
LOAD ./output/event_groups.o
LOAD ./output/stream_buffer.o
LOAD ./output/heap_4.o
LOAD ./output/port.o
LOAD ./output/main.o
LOAD ./output/main_blinky.o
LOAD ./output/main_fpga.o
LOAD ./output/riscv-virt.o
LOAD ./output/uart.o
LOAD ./output/printf-stdarg.o
LOAD ./output/portASM.o
LOAD ./output/start.o
LOAD ./output/RegTest.o
LOAD ./output/vector.o
                0x0000015a                        __stack_size = 0x15a
START GROUP
END GROUP
LOAD /package/asicfab/riscv-gcc/13.2.0/bin/../lib/gcc/riscv64-unknown-elf/13.2.0/rv32im/ilp32/libgcc.a
START GROUP
LOAD /package/asicfab/riscv-gcc/13.2.0/bin/../lib/gcc/riscv64-unknown-elf/13.2.0/../../../../riscv64-unknown-elf/lib/rv32im/ilp32/libc.a
LOAD /package/asicfab/riscv-gcc/13.2.0/bin/../lib/gcc/riscv64-unknown-elf/13.2.0/../../../../riscv64-unknown-elf/lib/rv32im/ilp32/libgloss.a
END GROUP
LOAD /package/asicfab/riscv-gcc/13.2.0/bin/../lib/gcc/riscv64-unknown-elf/13.2.0/rv32im/ilp32/libgcc.a

.init           0x00008400       0x72
                0x00008400                        _text = .
 *(SORT_NONE(.init))
 .init          0x00008400       0x72 ./output/start.o
                0x00008400                _start

.text           0x00008480     0x2e88
 *(.text.unlikely .text.unlikely.*)
 *(.text.startup .text.startup.*)
 .text.startup.main
                0x00008480       0x28 ./output/main.o
                0x00008480                main
 *(.text .text.*)
 .text.prvAddNewTaskToReadyList
                0x000084a8      0x128 ./output/tasks.o
 .text.prvAddCurrentTaskToDelayedList
                0x000085d0       0xba ./output/tasks.o
 .text.prvResetNextTaskUnblockTime
                0x0000868a       0x1c ./output/tasks.o
 .text.prvDeleteTCB
                0x000086a6       0x40 ./output/tasks.o
 .text.prvIdleTask
                0x000086e6       0x78 ./output/tasks.o
 .text.prvInitialiseNewTask.constprop.0
                0x0000875e       0xbc ./output/tasks.o
 .text.xTaskCreateStatic
                0x0000881a       0xa8 ./output/tasks.o
                0x0000881a                xTaskCreateStatic
 .text.xTaskCreate
                0x000088c2       0x80 ./output/tasks.o
                0x000088c2                xTaskCreate
 .text.eTaskGetState
                0x00008942       0x8a ./output/tasks.o
                0x00008942                eTaskGetState
 .text.vTaskStartScheduler
                0x000089cc       0x78 ./output/tasks.o
                0x000089cc                vTaskStartScheduler
 .text.vTaskSuspendAll
                0x00008a44        0xc ./output/tasks.o
                0x00008a44                vTaskSuspendAll
 .text.xTaskGetTickCount
                0x00008a50        0x6 ./output/tasks.o
                0x00008a50                xTaskGetTickCount
 .text.uxTaskGetNumberOfTasks
                0x00008a56        0x6 ./output/tasks.o
                0x00008a56                uxTaskGetNumberOfTasks
 .text.xTaskIncrementTick
                0x00008a5c      0x174 ./output/tasks.o
                0x00008a5c                xTaskIncrementTick
 .text.xTaskResumeAll
                0x00008bd0      0x134 ./output/tasks.o
                0x00008bd0                xTaskResumeAll
 .text.xTaskDelayUntil
                0x00008d04       0x88 ./output/tasks.o
                0x00008d04                xTaskDelayUntil
 .text.vTaskSwitchContext
                0x00008d8c       0xbc ./output/tasks.o
                0x00008d8c                vTaskSwitchContext
 .text.vTaskPlaceOnEventList
                0x00008e48       0x3a ./output/tasks.o
                0x00008e48                vTaskPlaceOnEventList
 .text.vTaskPlaceOnEventListRestricted
                0x00008e82       0x62 ./output/tasks.o
                0x00008e82                vTaskPlaceOnEventListRestricted
 .text.xTaskRemoveFromEventList
                0x00008ee4       0xc2 ./output/tasks.o
                0x00008ee4                xTaskRemoveFromEventList
 .text.vTaskInternalSetTimeOutState
                0x00008fa6        0xe ./output/tasks.o
                0x00008fa6                vTaskInternalSetTimeOutState
 .text.xTaskCheckForTimeOut
                0x00008fb4       0xb6 ./output/tasks.o
                0x00008fb4                xTaskCheckForTimeOut
 .text.vTaskMissedYield
                0x0000906a        0x8 ./output/tasks.o
                0x0000906a                vTaskMissedYield
 .text.vTaskGetInfo
                0x00009072       0x9a ./output/tasks.o
                0x00009072                vTaskGetInfo
 .text.prvListTasksWithinSingleList
                0x0000910c       0x7c ./output/tasks.o
 .text.uxTaskGetSystemState
                0x00009188       0xb4 ./output/tasks.o
                0x00009188                uxTaskGetSystemState
 .text.xTaskGetSchedulerState
                0x0000923c       0x14 ./output/tasks.o
                0x0000923c                xTaskGetSchedulerState
 .text.xTaskPriorityDisinherit
                0x00009250       0xb6 ./output/tasks.o
                0x00009250                xTaskPriorityDisinherit
 .text.vTaskList
                0x00009306      0x112 ./output/tasks.o
                0x00009306                vTaskList
 .text.vListInitialise
                0x00009418       0x14 ./output/list.o
                0x00009418                vListInitialise
 .text.vListInitialiseItem
                0x0000942c        0x6 ./output/list.o
                0x0000942c                vListInitialiseItem
 .text.vListInsert
                0x00009432       0x2e ./output/list.o
                0x00009432                vListInsert
 .text.uxListRemove
                0x00009460       0x20 ./output/list.o
                0x00009460                uxListRemove
 .text.prvIsQueueEmpty
                0x00009480       0x1a ./output/queue.o
 .text.prvCopyDataToQueue
                0x0000949a       0x7e ./output/queue.o
 .text.prvCopyDataFromQueue
                0x00009518       0x20 ./output/queue.o
 .text.prvNotifyQueueSetContainer
                0x00009538       0xac ./output/queue.o
 .text.prvUnlockQueue
                0x000095e4       0xc2 ./output/queue.o
 .text.xQueueGenericReset
                0x000096a6       0xac ./output/queue.o
                0x000096a6                xQueueGenericReset
 .text.xQueueGenericCreateStatic
                0x00009752       0x9a ./output/queue.o
                0x00009752                xQueueGenericCreateStatic
 .text.xQueueGenericCreate
                0x000097ec       0x78 ./output/queue.o
                0x000097ec                xQueueGenericCreate
 .text.xQueueGenericSend
                0x00009864      0x1a4 ./output/queue.o
                0x00009864                xQueueGenericSend
 .text.xQueueGenericSendFromISR
                0x00009a08       0xfa ./output/queue.o
                0x00009a08                xQueueGenericSendFromISR
 .text.xQueueReceive
                0x00009b02      0x160 ./output/queue.o
                0x00009b02                xQueueReceive
 .text.vQueueAddToRegistry
                0x00009c62       0x5c ./output/queue.o
                0x00009c62                vQueueAddToRegistry
 .text.vQueueWaitForMessageRestricted
                0x00009cbe       0x56 ./output/queue.o
                0x00009cbe                vQueueWaitForMessageRestricted
 .text.prvInsertTimerInActiveList
                0x00009d14       0x40 ./output/timers.o
 .text.prvReloadTimer
                0x00009d54       0x36 ./output/timers.o
 .text.prvProcessExpiredTimer
                0x00009d8a       0x44 ./output/timers.o
 .text.prvSampleTimeNow
                0x00009dce       0x5c ./output/timers.o
 .text.prvTimerTask
                0x00009e2a      0x146 ./output/timers.o
 .text.prvCheckForValidListAndQueue
                0x00009f70       0x7a ./output/timers.o
 .text.xTimerCreateTimerTask
                0x00009fea       0x56 ./output/timers.o
                0x00009fea                xTimerCreateTimerTask
 .text.xTimerCreate
                0x0000a040       0x74 ./output/timers.o
                0x0000a040                xTimerCreate
 .text.xTimerGenericCommand
                0x0000a0b4       0x7e ./output/timers.o
                0x0000a0b4                xTimerGenericCommand
 .text.prvInsertBlockIntoFreeList
                0x0000a132       0x44 ./output/heap_4.o
 .text.pvPortMalloc
                0x0000a176      0x154 ./output/heap_4.o
                0x0000a176                pvPortMalloc
 .text.vPortFree
                0x0000a2ca       0x82 ./output/heap_4.o
                0x0000a2ca                vPortFree
 .text.vPortSetupTimerInterrupt
                0x0000a34c       0x5e ./output/port.o
                0x0000a34c                vPortSetupTimerInterrupt
 .text.xPortStartScheduler
                0x0000a3aa       0x30 ./output/port.o
                0x0000a3aa                xPortStartScheduler
 .text.vApplicationMallocFailedHook
                0x0000a3da       0x14 ./output/main.o
                0x0000a3da                vApplicationMallocFailedHook
 .text.vApplicationStackOverflowHook
                0x0000a3ee       0x14 ./output/main.o
                0x0000a3ee                vApplicationStackOverflowHook
 .text.vApplicationTickHook
                0x0000a402        0x2 ./output/main.o
                0x0000a402                vApplicationTickHook
 .text.vAssertCalled
                0x0000a404       0x40 ./output/main.o
                0x0000a404                vAssertCalled
 .text.vApplicationGetIdleTaskMemory
                0x0000a444       0x1c ./output/main.o
                0x0000a444                vApplicationGetIdleTaskMemory
 .text.vApplicationGetTimerTaskMemory
                0x0000a460       0x1c ./output/main.o
                0x0000a460                vApplicationGetTimerTaskMemory
 .text.freertos_risc_v_application_exception_handler
                0x0000a47c       0x28 ./output/main.o
                0x0000a47c                freertos_risc_v_application_exception_handler
 .text.prvQueueSendTimerCallback
                0x0000a4a4       0x32 ./output/main_blinky.o
 .text.prvQueueSendTask
                0x0000a4d6       0x48 ./output/main_blinky.o
 .text.prvQueueReceiveTask
                0x0000a51e       0xae ./output/main_blinky.o
 .text.main_blinky
                0x0000a5cc      0x11c ./output/main_blinky.o
                0x0000a5cc                main_blinky
 .text.uart_sendbyte
                0x0000a6e8        0xa ./output/uart.o
                0x0000a6e8                uart_sendbyte
 .text.printchar
                0x0000a6f2       0x1e ./output/printf-stdarg.o
 .text.prints   0x0000a710       0xb4 ./output/printf-stdarg.o
 .text.printi   0x0000a7c4       0xbc ./output/printf-stdarg.o
 .text.tiny_print
                0x0000a880      0x190 ./output/printf-stdarg.o
 .text.printf   0x0000aa10       0x26 ./output/printf-stdarg.o
                0x0000aa10                printf
 .text.sprintf  0x0000aa36       0x24 ./output/printf-stdarg.o
                0x0000aa36                sprintf
 .text          0x0000aa5a       0xba ./output/portASM.o
                0x0000aa5a                pxPortInitialiseStack
                0x0000aa9e                xPortStartFirstTask
                0x0000ab06                freertos_risc_v_application_interrupt_handler
 .text.freertos_risc_v_exception_handler
                0x0000ab14      0x136 ./output/portASM.o
                0x0000ab14                freertos_risc_v_exception_handler
 .text.freertos_risc_v_interrupt_handler
                0x0000ac4a       0xc8 ./output/portASM.o
                0x0000ac4a                freertos_risc_v_interrupt_handler
 .text.freertos_risc_v_mtimer_interrupt_handler
                0x0000ad12       0xf8 ./output/portASM.o
                0x0000ad12                freertos_risc_v_mtimer_interrupt_handler
 *fill*         0x0000ae0a       0x76 
 .text          0x0000ae80       0x80 ./output/vector.o
                0x0000ae80                freertos_vector_table
 .text          0x0000af00       0x4c /package/asicfab/riscv-gcc/13.2.0/bin/../lib/gcc/riscv64-unknown-elf/13.2.0/rv32im/ilp32/libgcc.a(_clzsi2.o)
                0x0000af00                __clzsi2
 .text          0x0000af4c       0xdc /package/asicfab/riscv-gcc/13.2.0/bin/../lib/gcc/riscv64-unknown-elf/13.2.0/../../../../riscv64-unknown-elf/lib/rv32im/ilp32/libc.a(libc_a-memset.o)
                0x0000af4c                memset
 .text.memcpy   0x0000b028      0x1a4 /package/asicfab/riscv-gcc/13.2.0/bin/../lib/gcc/riscv64-unknown-elf/13.2.0/../../../../riscv64-unknown-elf/lib/rv32im/ilp32/libc.a(libc_a-memcpy.o)
                0x0000b028                memcpy
 .text.strlen   0x0000b1cc       0x8c /package/asicfab/riscv-gcc/13.2.0/bin/../lib/gcc/riscv64-unknown-elf/13.2.0/../../../../riscv64-unknown-elf/lib/rv32im/ilp32/libc.a(libc_a-strlen.o)
                0x0000b1cc                strlen
 .text.strcpy   0x0000b258       0xb0 /package/asicfab/riscv-gcc/13.2.0/bin/../lib/gcc/riscv64-unknown-elf/13.2.0/../../../../riscv64-unknown-elf/lib/rv32im/ilp32/libc.a(libc_a-strcpy.o)
                0x0000b258                strcpy
 *(.gnu.linkonce.t.*)

.fini           0x0000b308        0x0
 *(SORT_NONE(.fini))
                0x0000b308                        _etext = .

.rodata.align   0x0000b308        0x0
                0x0000b308                        . = ALIGN (0x4)
                0x0000b308                        _rodata = .

.rodata.start   0x0000b308        0x0
                0x0000b308                        _rodata_lma = LOADADDR (.rodata.start)

.rodata         0x0000b308      0x444
 *(.rdata)
 *(.rodata .rodata.*)
 .rodata.prvTaskIsTaskSuspended.str1.4
                0x0000b308      0x31f ./output/tasks.o
                                 0x1d (size before relaxing)
 .rodata.vTaskStartScheduler.str1.4
                0x0000b627        0x5 ./output/tasks.o
 .rodata.vTaskList.str1.4
                0x0000b627        0xf ./output/tasks.o
 .rodata.prvNotifyQueueSetContainer.str1.4
                0x0000b627       0x1d ./output/queue.o
 .rodata.prvTimerTask.str1.4
                0x0000b627       0x1e ./output/timers.o
 *fill*         0x0000b627        0x1 
 .rodata.prvTimerTask
                0x0000b628       0x24 ./output/timers.o
 .rodata.prvCheckForValidListAndQueue.str1.4
                0x0000b64c        0x5 ./output/timers.o
 .rodata.xTimerCreateTimerTask.str1.4
                0x0000b64c        0x8 ./output/timers.o
 .rodata.pvPortMalloc.str1.4
                0x0000b64c       0x2f ./output/heap_4.o
 .rodata.main.str1.4
                0x0000b64c        0xf ./output/main.o
 .rodata.vApplicationMallocFailedHook.str1.4
                0x0000b64c       0x14 ./output/main.o
 .rodata.vApplicationStackOverflowHook.str1.4
                0x0000b64c       0x1b ./output/main.o
 .rodata.vAssertCalled.str1.4
                0x0000b64c       0x1b ./output/main.o
 .rodata.freertos_risc_v_application_exception_handler.str1.4
                0x0000b64c       0x47 ./output/main.o
 .rodata.prvQueueSendTimerCallback.str1.4
                0x0000b64c        0xf ./output/main_blinky.o
 .rodata.prvQueueSendTask.str1.4
                0x0000b64c        0xe ./output/main_blinky.o
 .rodata.prvQueueReceiveTask.str1.4
                0x0000b64c       0x69 ./output/main_blinky.o
 .rodata.main_blinky.str1.4
                0x0000b64c      0x12c ./output/main_blinky.o
 .rodata.tiny_print.str1.4
                0x0000b64c        0x7 ./output/printf-stdarg.o
 .rodata        0x0000b64c      0x100 /package/asicfab/riscv-gcc/13.2.0/bin/../lib/gcc/riscv64-unknown-elf/13.2.0/rv32im/ilp32/libgcc.a(_clz.o)
                0x0000b64c                __clz_tab
 *(.gnu.linkonce.r.*)
                0x0000b778                        . = ALIGN (0x4)
                0x0000b74c                        _erodata = .

.rela.dyn       0x0000b74c        0x0
 .rela.init     0x0000b74c        0x0 ./output/tasks.o

.data.align     0x0000b74c        0x0
                0x0000b74c                        . = ALIGN (0x4)
                0x0000b74c                        _data = .

.data.start     0x0000b74c        0x0
                0x0000b74c                        _data_lma = LOADADDR (.data.start)

.data           0x0000b74c       0x28
 *(.data .data.*)
 *(.gnu.linkonce.d.*)
                0x0000b750                        . = ALIGN (0x8)
 *fill*         0x0000b74c        0x4 
                0x0000bf50                        PROVIDE (__global_pointer$ = (. + 0x800))
 *(.sdata .sdata.*)
 .sdata.pxCriticalNesting
                0x0000b750        0x4 ./output/port.o
                0x0000b750                pxCriticalNesting
 .sdata.xCriticalNesting
                0x0000b754        0x4 ./output/port.o
                0x0000b754                xCriticalNesting
 .sdata.pullNextTime
                0x0000b758        0x4 ./output/port.o
                0x0000b758                pullNextTime
 *(.sdata2 .sdata2.*)
 *(.gnu.linkonce.s.*)
                0x0000b760                        . = ALIGN (0x8)
 *fill*         0x0000b75c        0x4 
 *(.srodata.cst16)
 *(.srodata.cst8)
 *(.srodata.cst4)
 *(.srodata.cst2)
 *(.srodata .srodata.*)
 .srodata.CSWTCH.308
                0x0000b760        0x5 ./output/tasks.o
 *fill*         0x0000b765        0x3 
 .srodata.uxTopUsedPriority
                0x0000b768        0x4 ./output/tasks.o
                0x0000b768                uxTopUsedPriority
 .srodata.uxTimerIncrementsForOneTick
                0x0000b76c        0x4 ./output/port.o
                0x0000b76c                uxTimerIncrementsForOneTick
 .srodata.xISRStackTop
                0x0000b770        0x4 ./output/port.o
                0x0000b770                xISRStackTop
                0x0000b774                        . = ALIGN (0x4)
                0x0000b774                        _edata = .

.bss.align      0x0000b774        0x0
                0x0000b774                        . = ALIGN (0x4)
                0x0000b774                        _bss = .

.bss.start      0x0000b774        0x0
                0x0000b774                        _bss_lma = LOADADDR (.bss.start)

.bss            0x0000b780     0x46d8
 *(.sbss*)
 .sbss.uxSchedulerSuspended
                0x0000b780        0x4 ./output/tasks.o
 .sbss.xIdleTaskHandle
                0x0000b784        0x4 ./output/tasks.o
 .sbss.xNextTaskUnblockTime
                0x0000b788        0x4 ./output/tasks.o
 .sbss.uxTaskNumber
                0x0000b78c        0x4 ./output/tasks.o
 .sbss.xNumOfOverflows
                0x0000b790        0x4 ./output/tasks.o
 .sbss.xYieldPending
                0x0000b794        0x4 ./output/tasks.o
 .sbss.xPendedTicks
                0x0000b798        0x4 ./output/tasks.o
 .sbss.xSchedulerRunning
                0x0000b79c        0x4 ./output/tasks.o
 .sbss.uxTopReadyPriority
                0x0000b7a0        0x4 ./output/tasks.o
 .sbss.xTickCount
                0x0000b7a4        0x4 ./output/tasks.o
 .sbss.uxCurrentNumberOfTasks
                0x0000b7a8        0x4 ./output/tasks.o
 .sbss.uxDeletedTasksWaitingCleanUp
                0x0000b7ac        0x4 ./output/tasks.o
 .sbss.pxOverflowDelayedTaskList
                0x0000b7b0        0x4 ./output/tasks.o
 .sbss.pxDelayedTaskList
                0x0000b7b4        0x4 ./output/tasks.o
 .sbss.pxCurrentTCB
                0x0000b7b8        0x4 ./output/tasks.o
                0x0000b7b8                pxCurrentTCB
 .sbss.xLastTime.2
                0x0000b7bc        0x4 ./output/timers.o
 .sbss.xTimerTaskHandle
                0x0000b7c0        0x4 ./output/timers.o
 .sbss.xTimerQueue
                0x0000b7c4        0x4 ./output/timers.o
 .sbss.pxOverflowTimerList
                0x0000b7c8        0x4 ./output/timers.o
 .sbss.pxCurrentTimerList
                0x0000b7cc        0x4 ./output/timers.o
 .sbss.xNumberOfSuccessfulFrees
                0x0000b7d0        0x4 ./output/heap_4.o
 .sbss.xNumberOfSuccessfulAllocations
                0x0000b7d4        0x4 ./output/heap_4.o
 .sbss.xMinimumEverFreeBytesRemaining
                0x0000b7d8        0x4 ./output/heap_4.o
 .sbss.xFreeBytesRemaining
                0x0000b7dc        0x4 ./output/heap_4.o
 .sbss.pxEnd    0x0000b7e0        0x4 ./output/heap_4.o
 .sbss.xStart   0x0000b7e4        0x8 ./output/heap_4.o
 .sbss.xTaskReturnAddress
                0x0000b7ec        0x4 ./output/port.o
                0x0000b7ec                xTaskReturnAddress
 .sbss.pullMachineTimerCompareRegister
                0x0000b7f0        0x4 ./output/port.o
                0x0000b7f0                pullMachineTimerCompareRegister
 *fill*         0x0000b7f4        0x4 
 .sbss.ullNextTime
                0x0000b7f8        0x8 ./output/port.o
                0x0000b7f8                ullNextTime
 .sbss.printedOnce
                0x0000b800        0x4 ./output/main_blinky.o
 .sbss.g_rxTimerMsgs
                0x0000b804        0x4 ./output/main_blinky.o
 .sbss.g_rxTaskMsgs
                0x0000b808        0x4 ./output/main_blinky.o
 .sbss.g_timerCount
                0x0000b80c        0x4 ./output/main_blinky.o
 .sbss.g_txCount
                0x0000b810        0x4 ./output/main_blinky.o
 .sbss.xTimer   0x0000b814        0x4 ./output/main_blinky.o
 .sbss.xQueue   0x0000b818        0x4 ./output/main_blinky.o
 *(.gnu.linkonce.sb.*)
 *(.bss .bss.*)
 .bss.xSuspendedTaskList
                0x0000b81c       0x14 ./output/tasks.o
 .bss.xTasksWaitingTermination
                0x0000b830       0x14 ./output/tasks.o
 .bss.xPendingReadyList
                0x0000b844       0x14 ./output/tasks.o
 .bss.xDelayedTaskList2
                0x0000b858       0x14 ./output/tasks.o
 .bss.xDelayedTaskList1
                0x0000b86c       0x14 ./output/tasks.o
 .bss.pxReadyTasksLists
                0x0000b880       0xb4 ./output/tasks.o
 .bss.xQueueRegistry
                0x0000b934       0x50 ./output/queue.o
                0x0000b934                xQueueRegistry
 .bss.xStaticTimerQueue.0
                0x0000b984       0x54 ./output/timers.o
 .bss.ucStaticTimerQueueStorage.1
                0x0000b9d8      0x140 ./output/timers.o
 .bss.xActiveTimerList2
                0x0000bb18       0x14 ./output/timers.o
 .bss.xActiveTimerList1
                0x0000bb2c       0x14 ./output/timers.o
 .bss.ucHeap    0x0000bb40     0x3800 ./output/heap_4.o
 .bss.xISRStack
                0x0000f340      0x4b0 ./output/port.o
 .bss.uxTimerTaskStack.0
                0x0000f7f0      0x3c0 ./output/main.o
 .bss.xTimerTaskTCB.1
                0x0000fbb0       0x64 ./output/main.o
 .bss.uxIdleTaskStack.2
                0x0000fc14      0x1e0 ./output/main.o
 .bss.xIdleTaskTCB.3
                0x0000fdf4       0x64 ./output/main.o
 *(.gnu.linkonce.b.*)
 *(COMMON)
                0x0000fe58                        . = ALIGN (0x4)
                0x0000fe58                        _ebss = .
                0x0000fe58                        . = ALIGN (0x8)
                0x0000fe58                        _end = .

.stack          0x0000fe58      0x168
                0x0000fe58                        . = ALIGN (0x4)
                0x0000ffb2                        . = (. + __stack_size)
 *fill*         0x0000fe58      0x15a 
                0x0000ffc0                        . = ALIGN (0x10)
 *fill*         0x0000ffb2        0xe 
                0x0000ffc0                        _stack_top = .
OUTPUT(./output/RTOSDemo.elf elf32-littleriscv)

.debug_info     0x00000000     0x97d7
 .debug_info    0x00000000     0x33c5 ./output/tasks.o
 .debug_info    0x000033c5      0x29f ./output/list.o
 .debug_info    0x00003664     0x26e1 ./output/queue.o
 .debug_info    0x00005d45     0x1986 ./output/timers.o
 .debug_info    0x000076cb      0x603 ./output/heap_4.o
 .debug_info    0x00007cce      0x2c1 ./output/port.o
 .debug_info    0x00007f8f      0x608 ./output/main.o
 .debug_info    0x00008597      0x82b ./output/main_blinky.o
 .debug_info    0x00008dc2      0x13b ./output/uart.o
 .debug_info    0x00008efd      0x639 ./output/printf-stdarg.o
 .debug_info    0x00009536       0x23 ./output/portASM.o
 .debug_info    0x00009559       0x24 ./output/start.o
 .debug_info    0x0000957d       0x24 ./output/vector.o
 .debug_info    0x000095a1      0x150 /package/asicfab/riscv-gcc/13.2.0/bin/../lib/gcc/riscv64-unknown-elf/13.2.0/rv32im/ilp32/libgcc.a(_clzsi2.o)
 .debug_info    0x000096f1       0xe6 /package/asicfab/riscv-gcc/13.2.0/bin/../lib/gcc/riscv64-unknown-elf/13.2.0/rv32im/ilp32/libgcc.a(_clz.o)

.debug_abbrev   0x00000000     0x1b50
 .debug_abbrev  0x00000000      0x4d7 ./output/tasks.o
 .debug_abbrev  0x000004d7      0x118 ./output/list.o
 .debug_abbrev  0x000005ef      0x3eb ./output/queue.o
 .debug_abbrev  0x000009da      0x433 ./output/timers.o
 .debug_abbrev  0x00000e0d      0x2ab ./output/heap_4.o
 .debug_abbrev  0x000010b8      0x18d ./output/port.o
 .debug_abbrev  0x00001245      0x252 ./output/main.o
 .debug_abbrev  0x00001497      0x228 ./output/main_blinky.o
 .debug_abbrev  0x000016bf       0xdb ./output/uart.o
 .debug_abbrev  0x0000179a      0x242 ./output/printf-stdarg.o
 .debug_abbrev  0x000019dc       0x12 ./output/portASM.o
 .debug_abbrev  0x000019ee       0x14 ./output/start.o
 .debug_abbrev  0x00001a02       0x14 ./output/vector.o
 .debug_abbrev  0x00001a16       0xca /package/asicfab/riscv-gcc/13.2.0/bin/../lib/gcc/riscv64-unknown-elf/13.2.0/rv32im/ilp32/libgcc.a(_clzsi2.o)
 .debug_abbrev  0x00001ae0       0x70 /package/asicfab/riscv-gcc/13.2.0/bin/../lib/gcc/riscv64-unknown-elf/13.2.0/rv32im/ilp32/libgcc.a(_clz.o)

.debug_loclists
                0x00000000     0x42c1
 .debug_loclists
                0x00000000     0x19ae ./output/tasks.o
 .debug_loclists
                0x000019ae       0x51 ./output/list.o
 .debug_loclists
                0x000019ff     0x1313 ./output/queue.o
 .debug_loclists
                0x00002d12      0x967 ./output/timers.o
 .debug_loclists
                0x00003679      0x336 ./output/heap_4.o
 .debug_loclists
                0x000039af       0x20 ./output/port.o
 .debug_loclists
                0x000039cf      0x10b ./output/main.o
 .debug_loclists
                0x00003ada       0x61 ./output/main_blinky.o
 .debug_loclists
                0x00003b3b      0x742 ./output/printf-stdarg.o
 .debug_loclists
                0x0000427d       0x44 /package/asicfab/riscv-gcc/13.2.0/bin/../lib/gcc/riscv64-unknown-elf/13.2.0/rv32im/ilp32/libgcc.a(_clzsi2.o)

.debug_aranges  0x00000000      0x710
 .debug_aranges
                0x00000000      0x218 ./output/tasks.o
 .debug_aranges
                0x00000218       0x40 ./output/list.o
 .debug_aranges
                0x00000258      0x168 ./output/queue.o
 .debug_aranges
                0x000003c0       0xd8 ./output/timers.o
 .debug_aranges
                0x00000498       0x58 ./output/heap_4.o
 .debug_aranges
                0x000004f0       0x30 ./output/port.o
 .debug_aranges
                0x00000520       0x80 ./output/main.o
 .debug_aranges
                0x000005a0       0x38 ./output/main_blinky.o
 .debug_aranges
                0x000005d8       0x28 ./output/uart.o
 .debug_aranges
                0x00000600       0x58 ./output/printf-stdarg.o
 .debug_aranges
                0x00000658       0x40 ./output/portASM.o
 .debug_aranges
                0x00000698       0x20 ./output/start.o
 .debug_aranges
                0x000006b8       0x20 ./output/vector.o
 .debug_aranges
                0x000006d8       0x20 /package/asicfab/riscv-gcc/13.2.0/bin/../lib/gcc/riscv64-unknown-elf/13.2.0/rv32im/ilp32/libgcc.a(_clzsi2.o)
 .debug_aranges
                0x000006f8       0x18 /package/asicfab/riscv-gcc/13.2.0/bin/../lib/gcc/riscv64-unknown-elf/13.2.0/rv32im/ilp32/libgcc.a(_clz.o)

.debug_rnglists
                0x00000000      0x845
 .debug_rnglists
                0x00000000      0x369 ./output/tasks.o
 .debug_rnglists
                0x00000369       0x2b ./output/list.o
 .debug_rnglists
                0x00000394      0x1f9 ./output/queue.o
 .debug_rnglists
                0x0000058d      0x111 ./output/timers.o
 .debug_rnglists
                0x0000069e       0x40 ./output/heap_4.o
 .debug_rnglists
                0x000006de       0x1f ./output/port.o
 .debug_rnglists
                0x000006fd       0x76 ./output/main.o
 .debug_rnglists
                0x00000773       0x27 ./output/main_blinky.o
 .debug_rnglists
                0x0000079a       0x19 ./output/uart.o
 .debug_rnglists
                0x000007b3       0x4c ./output/printf-stdarg.o
 .debug_rnglists
                0x000007ff       0x30 ./output/portASM.o
 .debug_rnglists
                0x0000082f       0x16 /package/asicfab/riscv-gcc/13.2.0/bin/../lib/gcc/riscv64-unknown-elf/13.2.0/rv32im/ilp32/libgcc.a(_clzsi2.o)

.debug_macro    0x00000000     0x39fd
 .debug_macro   0x00000000      0x2b9 ./output/tasks.o
 .debug_macro   0x000002b9      0x7ba ./output/tasks.o
 .debug_macro   0x00000a73       0x19 ./output/tasks.o
 .debug_macro   0x00000a8c       0x22 ./output/tasks.o
 .debug_macro   0x00000aae       0x47 ./output/tasks.o
 .debug_macro   0x00000af5       0x94 ./output/tasks.o
 .debug_macro   0x00000b89       0x42 ./output/tasks.o
 .debug_macro   0x00000bcb       0x34 ./output/tasks.o
 .debug_macro   0x00000bff       0x16 ./output/tasks.o
 .debug_macro   0x00000c15      0x11c ./output/tasks.o
 .debug_macro   0x00000d31       0x9b ./output/tasks.o
 .debug_macro   0x00000dcc       0x16 ./output/tasks.o
 .debug_macro   0x00000de2       0x4a ./output/tasks.o
 .debug_macro   0x00000e2c       0x57 ./output/tasks.o
 .debug_macro   0x00000e83       0x34 ./output/tasks.o
 .debug_macro   0x00000eb7       0x10 ./output/tasks.o
 .debug_macro   0x00000ec7       0x52 ./output/tasks.o
 .debug_macro   0x00000f19       0x8e ./output/tasks.o
 .debug_macro   0x00000fa7       0x1c ./output/tasks.o
 .debug_macro   0x00000fc3      0x177 ./output/tasks.o
 .debug_macro   0x0000113a      0x369 ./output/tasks.o
 .debug_macro   0x000014a3       0x16 ./output/tasks.o
 .debug_macro   0x000014b9       0x29 ./output/tasks.o
 .debug_macro   0x000014e2       0x16 ./output/tasks.o
 .debug_macro   0x000014f8       0x3c ./output/tasks.o
 .debug_macro   0x00001534      0x34e ./output/tasks.o
 .debug_macro   0x00001882       0x22 ./output/tasks.o
 .debug_macro   0x000018a4       0x3a ./output/tasks.o
 .debug_macro   0x000018de      0x14e ./output/tasks.o
 .debug_macro   0x00001a2c      0x15a ./output/tasks.o
 .debug_macro   0x00001b86       0xd3 ./output/tasks.o
 .debug_macro   0x00001c59       0x28 ./output/tasks.o
 .debug_macro   0x00001c81       0x1f ./output/tasks.o
 .debug_macro   0x00001ca0       0x12 ./output/tasks.o
 .debug_macro   0x00001cb2      0x4cb ./output/tasks.o
 .debug_macro   0x0000217d       0xc3 ./output/tasks.o
 .debug_macro   0x00002240      0x120 ./output/tasks.o
 .debug_macro   0x00002360       0x91 ./output/tasks.o
 .debug_macro   0x000023f1       0x16 ./output/tasks.o
 .debug_macro   0x00002407       0x1c ./output/tasks.o
 .debug_macro   0x00002423       0x10 ./output/tasks.o
 .debug_macro   0x00002433       0x1c ./output/tasks.o
 .debug_macro   0x0000244f       0x16 ./output/tasks.o
 .debug_macro   0x00002465      0x146 ./output/tasks.o
 .debug_macro   0x000025ab      0x19e ./output/list.o
 .debug_macro   0x00002749      0x236 ./output/queue.o
 .debug_macro   0x0000297f       0x87 ./output/queue.o
 .debug_macro   0x00002a06      0x1ed ./output/timers.o
 .debug_macro   0x00002bf3       0x97 ./output/timers.o
 .debug_macro   0x00002c8a      0x220 ./output/heap_4.o
 .debug_macro   0x00002eaa      0x1ba ./output/port.o
 .debug_macro   0x00003064      0x1fc ./output/main.o
 .debug_macro   0x00003260       0x16 ./output/main.o
 .debug_macro   0x00003276       0x16 ./output/main.o
 .debug_macro   0x0000328c      0x1f9 ./output/main_blinky.o
 .debug_macro   0x00003485       0x9e ./output/main_blinky.o
 .debug_macro   0x00003523      0x112 ./output/main_blinky.o
 .debug_macro   0x00003635       0x8d ./output/main_blinky.o
 .debug_macro   0x000036c2       0x43 ./output/uart.o
 .debug_macro   0x00003705      0x24c ./output/uart.o
 .debug_macro   0x00003951       0x54 ./output/printf-stdarg.o
 .debug_macro   0x000039a5       0x58 ./output/printf-stdarg.o

.debug_line     0x00000000     0xcba7
 .debug_line    0x00000000     0x54bf ./output/tasks.o
 .debug_line    0x000054bf      0x46e ./output/list.o
 .debug_line    0x0000592d     0x35af ./output/queue.o
 .debug_line    0x00008edc     0x14b9 ./output/timers.o
 .debug_line    0x0000a395      0xb0c ./output/heap_4.o
 .debug_line    0x0000aea1      0x2be ./output/port.o
 .debug_line    0x0000b15f      0x535 ./output/main.o
 .debug_line    0x0000b694      0x52b ./output/main_blinky.o
 .debug_line    0x0000bbbf       0x9b ./output/uart.o
 .debug_line    0x0000bc5a      0x986 ./output/printf-stdarg.o
 .debug_line    0x0000c5e0      0x31d ./output/portASM.o
 .debug_line    0x0000c8fd       0xe8 ./output/start.o
 .debug_line    0x0000c9e5       0xa4 ./output/vector.o
 .debug_line    0x0000ca89       0xdf /package/asicfab/riscv-gcc/13.2.0/bin/../lib/gcc/riscv64-unknown-elf/13.2.0/rv32im/ilp32/libgcc.a(_clzsi2.o)
 .debug_line    0x0000cb68       0x3f /package/asicfab/riscv-gcc/13.2.0/bin/../lib/gcc/riscv64-unknown-elf/13.2.0/rv32im/ilp32/libgcc.a(_clz.o)

.debug_str      0x00000000    0x1134d
 .debug_str     0x00000000    0x1134d ./output/tasks.o
                               0xe2c9 (size before relaxing)
 .debug_str     0x0001134d     0xa865 ./output/list.o
 .debug_str     0x0001134d     0xd1f1 ./output/queue.o
 .debug_str     0x0001134d     0xd4a9 ./output/timers.o
 .debug_str     0x0001134d     0xc032 ./output/heap_4.o
 .debug_str     0x0001134d     0xba80 ./output/port.o
 .debug_str     0x0001134d     0xc381 ./output/main.o
 .debug_str     0x0001134d     0xd200 ./output/main_blinky.o
 .debug_str     0x0001134d     0x3be6 ./output/uart.o
 .debug_str     0x0001134d     0x2b4f ./output/printf-stdarg.o
 .debug_str     0x0001134d       0x80 ./output/portASM.o
 .debug_str     0x0001134d       0x55 ./output/start.o
 .debug_str     0x0001134d       0x70 ./output/vector.o
 .debug_str     0x0001134d      0x1d1 /package/asicfab/riscv-gcc/13.2.0/bin/../lib/gcc/riscv64-unknown-elf/13.2.0/rv32im/ilp32/libgcc.a(_clzsi2.o)
 .debug_str     0x0001134d      0x1b4 /package/asicfab/riscv-gcc/13.2.0/bin/../lib/gcc/riscv64-unknown-elf/13.2.0/rv32im/ilp32/libgcc.a(_clz.o)

.debug_line_str
                0x00000000      0x5e3
 .debug_line_str
                0x00000000      0x5e3 ./output/tasks.o
                                0x422 (size before relaxing)
 .debug_line_str
                0x000005e3      0x3c1 ./output/list.o
 .debug_line_str
                0x000005e3      0x3f9 ./output/queue.o
 .debug_line_str
                0x000005e3      0x3df ./output/timers.o
 .debug_line_str
                0x000005e3      0x416 ./output/heap_4.o
 .debug_line_str
                0x000005e3      0x3d2 ./output/port.o
 .debug_line_str
                0x000005e3      0x3dc ./output/main.o
 .debug_line_str
                0x000005e3      0x3dc ./output/main_blinky.o
 .debug_line_str
                0x000005e3      0x13b ./output/uart.o
 .debug_line_str
                0x000005e3      0x142 ./output/printf-stdarg.o
 .debug_line_str
                0x000005e3       0x74 ./output/portASM.o
 .debug_line_str
                0x000005e3       0x49 ./output/start.o
 .debug_line_str
                0x000005e3       0x64 ./output/vector.o
 .debug_line_str
                0x000005e3      0x138 /package/asicfab/riscv-gcc/13.2.0/bin/../lib/gcc/riscv64-unknown-elf/13.2.0/rv32im/ilp32/libgcc.a(_clzsi2.o)
 .debug_line_str
                0x000005e3      0x138 /package/asicfab/riscv-gcc/13.2.0/bin/../lib/gcc/riscv64-unknown-elf/13.2.0/rv32im/ilp32/libgcc.a(_clz.o)

.comment        0x00000000       0x22
 .comment       0x00000000       0x22 ./output/tasks.o
                                 0x11 (size before relaxing)
 .comment       0x00000022       0x11 ./output/list.o
 .comment       0x00000022       0x11 ./output/queue.o
 .comment       0x00000022       0x11 ./output/timers.o
 .comment       0x00000022       0x11 ./output/heap_4.o
 .comment       0x00000022       0x11 ./output/port.o
 .comment       0x00000022       0x11 ./output/main.o
 .comment       0x00000022       0x11 ./output/main_blinky.o
 .comment       0x00000022       0x11 ./output/uart.o
 .comment       0x00000022       0x11 ./output/printf-stdarg.o
 .comment       0x00000022       0x11 /package/asicfab/riscv-gcc/13.2.0/bin/../lib/gcc/riscv64-unknown-elf/13.2.0/rv32im/ilp32/libgcc.a(_clzsi2.o)
 .comment       0x00000022       0x11 /package/asicfab/riscv-gcc/13.2.0/bin/../lib/gcc/riscv64-unknown-elf/13.2.0/rv32im/ilp32/libgcc.a(_clz.o)
 .comment       0x00000022       0x13 /package/asicfab/riscv-gcc/13.2.0/bin/../lib/gcc/riscv64-unknown-elf/13.2.0/../../../../riscv64-unknown-elf/lib/rv32im/ilp32/libc.a(libc_a-memcpy.o)
 .comment       0x00000022       0x13 /package/asicfab/riscv-gcc/13.2.0/bin/../lib/gcc/riscv64-unknown-elf/13.2.0/../../../../riscv64-unknown-elf/lib/rv32im/ilp32/libc.a(libc_a-strlen.o)
 .comment       0x00000022       0x13 /package/asicfab/riscv-gcc/13.2.0/bin/../lib/gcc/riscv64-unknown-elf/13.2.0/../../../../riscv64-unknown-elf/lib/rv32im/ilp32/libc.a(libc_a-strcpy.o)

.riscv.attributes
                0x00000000       0x3c
 .riscv.attributes
                0x00000000       0x3c ./output/tasks.o
 .riscv.attributes
                0x0000003c       0x38 ./output/list.o
 .riscv.attributes
                0x00000074       0x3c ./output/queue.o
 .riscv.attributes
                0x000000b0       0x3c ./output/timers.o
 .riscv.attributes
                0x000000ec       0x3c ./output/heap_4.o
 .riscv.attributes
                0x00000128       0x3c ./output/port.o
 .riscv.attributes
                0x00000164       0x3c ./output/main.o
 .riscv.attributes
                0x000001a0       0x38 ./output/main_blinky.o
 .riscv.attributes
                0x000001d8       0x38 ./output/uart.o
 .riscv.attributes
                0x00000210       0x38 ./output/printf-stdarg.o
 .riscv.attributes
                0x00000248       0x3a ./output/portASM.o
 .riscv.attributes
                0x00000282       0x3a ./output/start.o
 .riscv.attributes
                0x000002bc       0x31 ./output/vector.o
 .riscv.attributes
                0x000002ed       0x2a /package/asicfab/riscv-gcc/13.2.0/bin/../lib/gcc/riscv64-unknown-elf/13.2.0/rv32im/ilp32/libgcc.a(_clzsi2.o)
 .riscv.attributes
                0x00000317       0x2a /package/asicfab/riscv-gcc/13.2.0/bin/../lib/gcc/riscv64-unknown-elf/13.2.0/rv32im/ilp32/libgcc.a(_clz.o)
 .riscv.attributes
                0x00000341       0x28 /package/asicfab/riscv-gcc/13.2.0/bin/../lib/gcc/riscv64-unknown-elf/13.2.0/../../../../riscv64-unknown-elf/lib/rv32im/ilp32/libc.a(libc_a-memset.o)
 .riscv.attributes
                0x00000369       0x2a /package/asicfab/riscv-gcc/13.2.0/bin/../lib/gcc/riscv64-unknown-elf/13.2.0/../../../../riscv64-unknown-elf/lib/rv32im/ilp32/libc.a(libc_a-memcpy.o)
 .riscv.attributes
                0x00000393       0x2a /package/asicfab/riscv-gcc/13.2.0/bin/../lib/gcc/riscv64-unknown-elf/13.2.0/../../../../riscv64-unknown-elf/lib/rv32im/ilp32/libc.a(libc_a-strlen.o)
 .riscv.attributes
                0x000003bd       0x2a /package/asicfab/riscv-gcc/13.2.0/bin/../lib/gcc/riscv64-unknown-elf/13.2.0/../../../../riscv64-unknown-elf/lib/rv32im/ilp32/libc.a(libc_a-strcpy.o)

.debug_frame    0x00000000     0x17f4
 .debug_frame   0x00000000      0x988 ./output/tasks.o
 .debug_frame   0x00000988       0x60 ./output/list.o
 .debug_frame   0x000009e8      0x5ec ./output/queue.o
 .debug_frame   0x00000fd4      0x36c ./output/timers.o
 .debug_frame   0x00001340      0x104 ./output/heap_4.o
 .debug_frame   0x00001444       0x54 ./output/port.o
 .debug_frame   0x00001498      0x144 ./output/main.o
 .debug_frame   0x000015dc       0x88 ./output/main_blinky.o
 .debug_frame   0x00001664       0x30 ./output/uart.o
 .debug_frame   0x00001694      0x140 ./output/printf-stdarg.o
 .debug_frame   0x000017d4       0x20 /package/asicfab/riscv-gcc/13.2.0/bin/../lib/gcc/riscv64-unknown-elf/13.2.0/rv32im/ilp32/libgcc.a(_clzsi2.o)
